<!DOCTYPE html>
<html>
    <head>
        <title></title>
    </head>
    <body>
        <!-- NAV -->
        <ul class="nav">
            <li>John Doe</li><li>http://www.google.com</li><li>Joana Doe</li><li>http://www.microsoft.com</li><li>Robert Doe</li><li>http://www.apple.com</li>
        </ul>
        <!-- /NAV -->

        <!-- MAIN CONTENT -->
        <div class="main"></div>
    </body>
</html>